2025-04-07 15:48:00 | WARN | repo=pv243-2015-cdi-seminar | action=test | passed=true
2025-04-27 14:36:00 | INFO | repo=pv243-2015-cdi-seminar | action=commit
2025-08-19 18:41:00 | DEBUG | repo=pv243-2015-cdi-seminar | action=pull
2025-01-17 09:06:00 | DEBUG | repo=pv243-2015-cdi-seminar | action=commit
2025-07-26 08:38:00 | DEBUG | repo=pv243-2015-cdi-seminar | action=commit
2025-03-12 18:52:00 | WARN | repo=pv243-2015-cdi-seminar | action=pull
2025-03-19 18:16:00 | DEBUG | repo=pv243-2015-cdi-seminar | action=commit
2025-05-09 17:28:00 | DEBUG | repo=pv243-2015-cdi-seminar | action=edit | files=4
2025-09-22 21:56:00 | DEBUG | repo=pv243-2015-cdi-seminar | action=commit
2025-10-06 21:35:00 | WARN | repo=pv243-2015-cdi-seminar | action=commit
2025-09-19 21:47:00 | WARN | repo=pv243-2015-cdi-seminar | action=test | passed=true
2025-12-15 08:30:00 | WARN | repo=pv243-2015-cdi-seminar | action=commit
2025-10-20 14:30:00 | DEBUG | repo=pv243-2015-cdi-seminar | action=pull
2025-04-05 08:33:00 | INFO | repo=pv243-2015-cdi-seminar | action=commit
2025-05-10 15:54:00 | DEBUG | repo=pv243-2015-cdi-seminar | action=commit
2025-01-27 11:48:00 | INFO | repo=pv243-2015-cdi-seminar | action=test | passed=true
2025-11-20 20:31:00 | INFO | repo=pv243-2015-cdi-seminar | action=commit
2025-02-22 15:15:00 | DEBUG | repo=pv243-2015-cdi-seminar | action=pull
2025-12-22 13:20:00 | DEBUG | repo=pv243-2015-cdi-seminar | action=edit | files=5
2025-01-13 16:54:00 | INFO | repo=pv243-2015-cdi-seminar | action=commit
2025-02-05 12:49:00 | WARN | repo=pv243-2015-cdi-seminar | action=commit
2025-12-05 20:57:00 | INFO | repo=pv243-2015-cdi-seminar | action=commit
2025-04-07 20:01:00 | DEBUG | repo=pv243-2015-cdi-seminar | action=test | passed=true
2025-01-23 15:52:00 | INFO | repo=pv243-2015-cdi-seminar | action=commit
2025-02-22 21:09:00 | WARN | repo=pv243-2015-cdi-seminar | action=edit | files=4
2025-05-22 08:02:00 | WARN | repo=pv243-2015-cdi-seminar | action=pull
2025-05-28 08:20:00 | DEBUG | repo=pv243-2015-cdi-seminar | action=commit
2025-07-10 14:35:00 | WARN | repo=pv243-2015-cdi-seminar | action=commit
2025-07-10 16:57:00 | INFO | repo=pv243-2015-cdi-seminar | action=edit | files=1
2025-03-10 09:00:00 | INFO | repo=pv243-2015-cdi-seminar | action=commit
2025-05-09 09:59:00 | DEBUG | repo=pv243-2015-cdi-seminar | action=pull
2025-11-25 09:09:00 | WARN | repo=pv243-2015-cdi-seminar | action=commit
2025-01-08 16:38:00 | INFO | repo=pv243-2015-cdi-seminar | action=pull
2025-12-10 08:48:00 | INFO | repo=pv243-2015-cdi-seminar | action=pull
2025-01-12 07:04:00 | DEBUG | repo=pv243-2015-cdi-seminar | action=commit
2025-12-23 21:44:00 | WARN | repo=pv243-2015-cdi-seminar | action=commit
2025-04-09 08:56:00 | WARN | repo=pv243-2015-cdi-seminar | action=pull
2025-08-16 07:43:00 | WARN | repo=pv243-2015-cdi-seminar | action=commit
2025-10-28 21:39:00 | DEBUG | repo=pv243-2015-cdi-seminar | action=commit
2025-08-11 20:44:00 | WARN | repo=pv243-2015-cdi-seminar | action=commit
2025-10-09 09:32:00 | DEBUG | repo=pv243-2015-cdi-seminar | action=edit | files=4
2025-09-15 19:48:00 | INFO | repo=pv243-2015-cdi-seminar | action=edit | files=3
2025-12-02 08:42:00 | WARN | repo=pv243-2015-cdi-seminar | action=test | passed=true
2025-10-28 11:49:00 | INFO | repo=pv243-2015-cdi-seminar | action=commit
2025-10-10 18:55:00 | INFO | repo=pv243-2015-cdi-seminar | action=commit
2025-02-09 13:46:00 | INFO | repo=pv243-2015-cdi-seminar | action=commit
2025-03-12 13:11:00 | DEBUG | repo=pv243-2015-cdi-seminar | action=commit
2025-11-25 13:28:00 | WARN | repo=pv243-2015-cdi-seminar | action=test | passed=true
2025-04-27 14:31:00 | INFO | repo=pv243-2015-cdi-seminar | action=pull
2025-01-21 20:38:00 | INFO | repo=pv243-2015-cdi-seminar | action=pull
2025-07-25 08:04:00 | WARN | repo=pv243-2015-cdi-seminar | action=pull
2025-01-04 19:14:00 | INFO | repo=pv243-2015-cdi-seminar | action=commit
2025-10-23 20:05:00 | DEBUG | repo=pv243-2015-cdi-seminar | action=commit
2025-09-15 16:39:00 | INFO | repo=pv243-2015-cdi-seminar | action=pull
2025-01-21 14:42:00 | WARN | repo=pv243-2015-cdi-seminar | action=edit | files=5
2025-10-24 15:54:00 | DEBUG | repo=pv243-2015-cdi-seminar | action=commit
2025-04-24 18:37:00 | DEBUG | repo=pv243-2015-cdi-seminar | action=commit
2025-06-09 20:47:00 | DEBUG | repo=pv243-2015-cdi-seminar | action=commit
2025-06-24 17:30:00 | DEBUG | repo=pv243-2015-cdi-seminar | action=pull
2025-10-15 10:58:00 | DEBUG | repo=pv243-2015-cdi-seminar | action=test | passed=true
2025-10-03 08:41:00 | DEBUG | repo=pv243-2015-cdi-seminar | action=test | passed=true
2025-12-08 07:33:00 | INFO | repo=pv243-2015-cdi-seminar | action=commit
2025-07-01 08:25:00 | INFO | repo=pv243-2015-cdi-seminar | action=edit | files=1
2025-04-22 09:36:00 | INFO | repo=pv243-2015-cdi-seminar | action=commit
2025-06-06 17:39:00 | DEBUG | repo=pv243-2015-cdi-seminar | action=pull
2025-06-03 10:14:00 | WARN | repo=pv243-2015-cdi-seminar | action=test | passed=true
2025-06-06 08:48:00 | WARN | repo=pv243-2015-cdi-seminar | action=commit
2025-01-21 07:05:00 | INFO | repo=pv243-2015-cdi-seminar | action=test | passed=true
2025-07-27 11:26:00 | INFO | repo=pv243-2015-cdi-seminar | action=pull
2025-01-12 16:54:00 | DEBUG | repo=pv243-2015-cdi-seminar | action=commit
2025-06-09 21:17:00 | INFO | repo=pv243-2015-cdi-seminar | action=pull
2025-08-27 19:44:00 | WARN | repo=pv243-2015-cdi-seminar | action=commit
2025-05-09 16:04:00 | INFO | repo=pv243-2015-cdi-seminar | action=edit | files=5
2025-05-15 18:21:00 | DEBUG | repo=pv243-2015-cdi-seminar | action=commit
2025-10-06 09:15:00 | INFO | repo=pv243-2015-cdi-seminar | action=commit
2025-08-13 13:36:00 | INFO | repo=pv243-2015-cdi-seminar | action=pull
2025-10-27 16:37:00 | WARN | repo=pv243-2015-cdi-seminar | action=pull
2025-09-01 08:10:00 | INFO | repo=pv243-2015-cdi-seminar | action=commit
2025-06-03 13:30:00 | DEBUG | repo=pv243-2015-cdi-seminar | action=commit
2025-04-11 15:30:00 | WARN | repo=pv243-2015-cdi-seminar | action=commit
2025-04-22 13:52:00 | INFO | repo=pv243-2015-cdi-seminar | action=commit
2025-03-16 19:15:00 | WARN | repo=pv243-2015-cdi-seminar | action=commit
